Testando porta 3306 com usuario 'root' e senha ''...
FALHA: SQLSTATE[HY000] [1045] Access denied for user 'root'@'localhost' (using password: NO)
Testando porta 3306 com usuario 'root' e senha 'root'...
FALHA: SQLSTATE[HY000] [1045] Access denied for user 'root'@'localhost' (using password: YES)
Testando porta 3308 com usuario 'root' e senha ''...
SUCESSO!
